Test project /home/seppe/Projects/expertpin/build-cpu-shadow
    Start  3: test-coldcache-ab-20260911
1/7 Test  #3: test-coldcache-ab-20260911 .........   Passed    4.14 sec
    Start  5: test-hermes-e2e-20260911
2/7 Test  #5: test-hermes-e2e-20260911 ...........   Passed    0.10 sec
    Start  6: test-e2e-work-budget-20260912
3/7 Test  #6: test-e2e-work-budget-20260912 ......   Passed    0.11 sec
    Start  7: test-e2e-turn1-criteria-20260912
4/7 Test  #7: test-e2e-turn1-criteria-20260912 ...   Passed    0.09 sec
    Start  8: test-e2e-turn2-20260913
5/7 Test  #8: test-e2e-turn2-20260913 ............   Passed    0.10 sec
    Start  9: test-e2e-client-monitor-20260913
6/7 Test  #9: test-e2e-client-monitor-20260913 ...   Passed    0.72 sec
    Start 40: test-expert-manifest
7/7 Test #40: test-expert-manifest ...............   Passed    0.00 sec

100% tests passed out of 7

Label Time Summary:
main        =   0.00 sec*proc (1 test)
python      =   5.26 sec*proc (6 tests)
targeted    =   5.26 sec*proc (6 tests)

Total Test time (real) =   5.27 sec
