Sep 06 14:50:52 aorus systemd[1523]: Starting Qubic QLI CPU+CUDA miner (auto-update)...
Sep 06 14:50:52 aorus sudo[3852079]:    seppe : PWD=/home/seppe/Projects/qubic ; USER=root ; COMMAND=/usr/bin/nvidia-smi -i 0 -pl 550
Sep 06 14:50:52 aorus sudo[3852079]: pam_unix(sudo:session): session opened for user root(uid=0) by seppe(uid=1000)
Sep 06 14:50:53 aorus sudo[3852079]: pam_unix(sudo:session): session closed for user root
Sep 06 14:50:53 aorus sudo[3852083]:    seppe : PWD=/home/seppe/Projects/qubic ; USER=root ; COMMAND=/usr/bin/nvidia-smi -i 0 -lgc 180,2700
Sep 06 14:50:53 aorus sudo[3852083]: pam_unix(sudo:session): session opened for user root(uid=0) by seppe(uid=1000)
Sep 06 14:50:53 aorus sudo[3852083]: pam_unix(sudo:session): session closed for user root
Sep 06 14:50:53 aorus sudo[3852087]:    seppe : PWD=/home/seppe/Projects/qubic ; USER=root ; COMMAND=/usr/bin/nvidia-smi -i 0 -rmc
Sep 06 14:50:53 aorus sudo[3852087]: pam_unix(sudo:session): session opened for user root(uid=0) by seppe(uid=1000)
Sep 06 14:50:53 aorus sudo[3852087]: pam_unix(sudo:session): session closed for user root
Sep 06 14:50:53 aorus qubic-gpu-tune-service[3852078]: [qli-tune] OK: power 550W, clocks 180-2700, mem reset, hugepages 281
Sep 06 14:50:53 aorus qubic-gpu-tune-service[3852095]: [qli-tune] power/clock nu: 550.00, 2647
Sep 06 14:50:53 aorus systemd[1523]: Started Qubic QLI CPU+CUDA miner (auto-update).
Sep 06 14:50:53 aorus qli-runner.sh[3852098]: [qli-runner] geen updater-signature — start client
Sep 06 14:50:53 aorus qli-runner.sh[3852098]:                                         
Sep 06 14:50:53 aorus qli-runner.sh[3852098]:                                         
Sep 06 14:50:53 aorus qli-runner.sh[3852098]:               @@@@@@ @@@@@@
Sep 06 14:50:53 aorus qli-runner.sh[3852098]:               @@@@@@ @@@@@@
Sep 06 14:50:53 aorus qli-runner.sh[3852098]:               @@@@@@ @@@@@@
Sep 06 14:50:53 aorus qli-runner.sh[3852098]:               @@@@@@ @@@@@@
Sep 06 14:50:53 aorus qli-runner.sh[3852098]:               @@@@@@ @@@@@@
Sep 06 14:50:53 aorus qli-runner.sh[3852098]:               @@@@@@ @@@@@@
Sep 06 14:50:53 aorus qli-runner.sh[3852098]:               @@@@@@ @@@@@@
Sep 06 14:50:53 aorus qli-runner.sh[3852098]:                      @@@@@@
Sep 06 14:50:53 aorus qli-runner.sh[3852098]:                      @@@@@@
Sep 06 14:50:53 aorus qli-runner.sh[3852098]:                                         
Sep 06 14:50:53 aorus qli-runner.sh[3852098]:                                         
Sep 06 14:50:53 aorus qli-runner.sh[3852098]:              qubic.li Client
Sep 06 14:50:53 aorus qli-runner.sh[3852098]:              Version 3.8.9.0
Sep 06 14:50:53 aorus qli-runner.sh[3852098]:       https://github.com/qubic-li/client
Sep 06 14:50:53 aorus qli-runner.sh[3852098]: 2026-09-06 12:50:53.275 [INFO]  Qubic Client started. Press CTRL+C to exit.
