Fri Sep 11 03:19:09 2026       
+-----------------------------------------------------------------------------------------+
| NVIDIA-SMI 610.57.04              KMD Version: 610.57.04     CUDA UMD Version: 13.3     |
+-----------------------------------------+------------------------+----------------------+
| GPU  Name                 Persistence-M | Bus-Id          Disp.A | Volatile Uncorr. ECC |
| Fan  Temp   Perf          Pwr:Usage/Cap |           Memory-Usage | GPU-Util  Compute M. |
|                                         |                        |               MIG M. |
|=========================================+========================+======================|
|   0  NVIDIA GeForce RTX 5090        Off |   00000000:01:00.0 Off |                  N/A |
| 58%   55C    P0             97W /  550W |    2048MiB /  32607MiB |    100%      Default |
|                                         |                        |                  N/A |
+-----------------------------------------+------------------------+----------------------+

+-----------------------------------------------------------------------------------------+
| Processes:                                                                              |
|  GPU   GI   CI              PID   Type   Process name                        GPU Memory |
|        ID   ID                                                               Usage      |
|=========================================================================================|
|    0   N/A  N/A            2347      G   Hyprland                                423MiB |
|    0   N/A  N/A            2911      G   Xwayland                                  8MiB |
|    0   N/A  N/A         2167976      G   /usr/bin/Telegram                       118MiB |
|    0   N/A  N/A         2927846    C+G   ...rack-uuid=3190708988185955192        197MiB |
|    0   N/A  N/A         2981476    C+G   ...rack-uuid=3190708988185955192        127MiB |
|    0   N/A  N/A         3030909      G   quickshell                              596MiB |
+-----------------------------------------------------------------------------------------+
