Test project /home/seppe/Projects/expertpin/build-cpu-shadow
      Start  1: test-trace-run-cleanup
 1/13 Test  #1: test-trace-run-cleanup ...........   Passed    0.11 sec
      Start  2: test-cache-shadow-gates
 2/13 Test  #2: test-cache-shadow-gates ..........   Passed    1.48 sec
      Start  3: test-expert-cache-analysis
 3/13 Test  #3: test-expert-cache-analysis .......   Passed    0.06 sec
      Start  4: test-expert-bandwidth
 4/13 Test  #4: test-expert-bandwidth ............   Passed    0.19 sec
      Start  5: test-expert-io-observation
 5/13 Test  #5: test-expert-io-observation .......   Passed    0.24 sec
      Start 26: test-expert-manifest
 6/13 Test #26: test-expert-manifest .............   Passed    0.01 sec
      Start 27: test-expert-stats
 7/13 Test #27: test-expert-stats ................   Passed    0.00 sec
      Start 28: test-expert-cache-lru
 8/13 Test #28: test-expert-cache-lru ............   Passed    0.00 sec
      Start 29: test-expert-trace
 9/13 Test #29: test-expert-trace ................   Passed    0.09 sec
      Start 30: test-speculative-shadow
10/13 Test #30: test-speculative-shadow ..........   Passed    0.00 sec
      Start 31: test-moe-prefetch-stats
11/13 Test #31: test-moe-prefetch-stats ..........   Passed    0.00 sec
      Start 35: test-expert-cpu-bench
12/13 Test #35: test-expert-cpu-bench ............   Passed   13.30 sec
      Start 36: test-expert-cache-pressure
13/13 Test #36: test-expert-cache-pressure .......   Passed    0.05 sec

100% tests passed out of 13

Label Time Summary:
main      =  15.55 sec*proc (13 tests)
python    =  15.39 sec*proc (6 tests)

Total Test time (real) =  15.56 sec
