Test project /home/seppe/Projects/expertpin/build-cpu-shadow
      Start  1: test-gpu-idle-readiness
 1/15 Test  #1: test-gpu-idle-readiness ..........   Passed    0.10 sec
      Start  2: test-trace-run-cleanup
 2/15 Test  #2: test-trace-run-cleanup ...........   Passed    0.11 sec
      Start  3: test-cache-shadow-gates
 3/15 Test  #3: test-cache-shadow-gates ..........   Passed    1.54 sec
      Start  4: test-expert-cache-analysis
 4/15 Test  #4: test-expert-cache-analysis .......   Passed    0.05 sec
      Start  5: test-expert-bandwidth
 5/15 Test  #5: test-expert-bandwidth ............   Passed    0.20 sec
      Start  6: test-expert-io-observation
 6/15 Test  #6: test-expert-io-observation .......   Passed    0.26 sec
      Start  7: test-trace-bandwidth
 7/15 Test  #7: test-trace-bandwidth .............   Passed    0.38 sec
      Start 28: test-expert-manifest
 8/15 Test #28: test-expert-manifest .............   Passed    0.00 sec
      Start 29: test-expert-stats
 9/15 Test #29: test-expert-stats ................   Passed    0.00 sec
      Start 30: test-expert-cache-lru
10/15 Test #30: test-expert-cache-lru ............   Passed    0.00 sec
      Start 31: test-expert-trace
11/15 Test #31: test-expert-trace ................   Passed    0.09 sec
      Start 32: test-speculative-shadow
12/15 Test #32: test-speculative-shadow ..........   Passed    0.00 sec
      Start 33: test-moe-prefetch-stats
13/15 Test #33: test-moe-prefetch-stats ..........   Passed    0.00 sec
      Start 37: test-expert-cpu-bench
14/15 Test #37: test-expert-cpu-bench ............   Passed   15.30 sec
      Start 38: test-expert-cache-pressure
15/15 Test #38: test-expert-cache-pressure .......   Passed    0.05 sec

100% tests passed out of 15

Label Time Summary:
main      =  18.09 sec*proc (15 tests)
python    =  17.93 sec*proc (8 tests)

Total Test time (real) =  18.10 sec
