Sep 06 14:26:52 aorus systemd[1523]: Starting Qubic QLI CPU+CUDA miner (auto-update)...
Sep 06 14:26:52 aorus sudo[3820535]:    seppe : PWD=/home/seppe/Projects/qubic ; USER=root ; COMMAND=/usr/bin/nvidia-smi -i 0 -pl 550
Sep 06 14:26:52 aorus sudo[3820535]: pam_unix(sudo:session): session opened for user root(uid=0) by seppe(uid=1000)
Sep 06 14:26:52 aorus sudo[3820535]: pam_unix(sudo:session): session closed for user root
Sep 06 14:26:52 aorus sudo[3820539]:    seppe : PWD=/home/seppe/Projects/qubic ; USER=root ; COMMAND=/usr/bin/nvidia-smi -i 0 -lgc 180,2700
Sep 06 14:26:52 aorus sudo[3820539]: pam_unix(sudo:session): session opened for user root(uid=0) by seppe(uid=1000)
Sep 06 14:26:52 aorus sudo[3820539]: pam_unix(sudo:session): session closed for user root
Sep 06 14:26:52 aorus sudo[3820543]:    seppe : PWD=/home/seppe/Projects/qubic ; USER=root ; COMMAND=/usr/bin/nvidia-smi -i 0 -rmc
Sep 06 14:26:52 aorus sudo[3820543]: pam_unix(sudo:session): session opened for user root(uid=0) by seppe(uid=1000)
Sep 06 14:26:52 aorus sudo[3820543]: pam_unix(sudo:session): session closed for user root
Sep 06 14:26:52 aorus qubic-gpu-tune-service[3820533]: [qli-tune] OK: power 550W, clocks 180-2700, mem reset, hugepages 281
Sep 06 14:26:52 aorus systemd[1523]: Started Qubic QLI CPU+CUDA miner (auto-update).
Sep 06 14:26:52 aorus qli-runner.sh[3820554]: [qli-runner] geen updater-signature — start client
Sep 06 14:26:52 aorus qli-runner.sh[3820554]:                                         
Sep 06 14:26:52 aorus qli-runner.sh[3820554]:                                         
Sep 06 14:26:52 aorus qli-runner.sh[3820554]:               @@@@@@ @@@@@@
Sep 06 14:26:52 aorus qli-runner.sh[3820554]:               @@@@@@ @@@@@@
Sep 06 14:26:52 aorus qli-runner.sh[3820554]:               @@@@@@ @@@@@@
Sep 06 14:26:52 aorus qli-runner.sh[3820554]:               @@@@@@ @@@@@@
Sep 06 14:26:52 aorus qli-runner.sh[3820554]:               @@@@@@ @@@@@@
Sep 06 14:26:52 aorus qli-runner.sh[3820554]:               @@@@@@ @@@@@@
Sep 06 14:26:52 aorus qli-runner.sh[3820554]:               @@@@@@ @@@@@@
Sep 06 14:26:52 aorus qli-runner.sh[3820554]:                      @@@@@@
Sep 06 14:26:52 aorus qli-runner.sh[3820554]:                      @@@@@@
Sep 06 14:26:52 aorus qli-runner.sh[3820554]:                                         
Sep 06 14:26:52 aorus qli-runner.sh[3820554]:                                         
Sep 06 14:26:52 aorus qli-runner.sh[3820554]:              qubic.li Client
Sep 06 14:26:52 aorus qli-runner.sh[3820554]:              Version 3.8.9.0
Sep 06 14:26:52 aorus qli-runner.sh[3820554]:       https://github.com/qubic-li/client
Sep 06 14:26:52 aorus qli-runner.sh[3820554]: 2026-09-06 12:26:52.680 [INFO]  Qubic Client started. Press CTRL+C to exit.
Sep 06 14:26:52 aorus qli-runner.sh[3820554]: ==========================================
Sep 06 14:26:52 aorus qli-runner.sh[3820554]: Pool:                wss://wps.qubic.li/ws
Sep 06 14:26:52 aorus qli-runner.sh[3820554]: Alias:                qli Bobcat
Sep 06 14:26:52 aorus qli-runner.sh[3820554]: Token:                Enabled
Sep 06 14:26:52 aorus qli-runner.sh[3820554]: PPS:                Enabled
Sep 06 14:26:52 aorus qli-runner.sh[3820554]: CPU:                Enabled with AVX512 and 24 threads
Sep 06 14:26:52 aorus qli-runner.sh[3820554]: GPU:                Enabled with CUDA
Sep 06 14:26:52 aorus qli-runner.sh[3820554]: ==========================================
