Sep 06 14:01:34 aorus qli-runner.sh[3759974]: 2026-09-06 12:01:34.404 [INFO]  [CPU] Trainer: Received exit command...
Sep 06 14:01:34 aorus qli-runner.sh[3759974]: 2026-09-06 12:01:34.404 [INFO]  [CPU] Trainer: Waiting for local server
Sep 06 14:01:34 aorus qli-runner.sh[3759974]: 2026-09-06 12:01:34.404 [INFO]  [CPU] Trainer: Waiting for mining thread
Sep 06 14:01:34 aorus qli-runner.sh[3759974]: 2026-09-06 12:01:34.404 [INFO]  [CPU] Trainer: shutting down...
Sep 06 14:01:34 aorus qli-runner.sh[3759974]: 2026-09-06 12:01:34.894 [INFO]  [GPU] Trainer: GPU #0: 931 it/s
Sep 06 14:01:36 aorus qli-runner.sh[3759974]: 2026-09-06 12:01:36.026 [INFO]  [e2c8dab8-af9c-4272-8fef-df41f470948c] qli-worker-AVX512 not running or has exited. Starting the process...
Sep 06 14:01:36 aorus qli-runner.sh[3759974]: [133B blob data]
Sep 06 14:01:36 aorus qli-runner.sh[3759974]: 2026-09-06 12:01:36.043 [INFO]  [CPU] Trainer: Algo: bpp9000
Sep 06 14:01:36 aorus qli-runner.sh[3759974]: 2026-09-06 12:01:36.043 [INFO]  [CPU] Trainer: pplns cpu 229.0 is starting.
Sep 06 14:01:36 aorus qli-runner.sh[3759974]: 2026-09-06 12:01:36.043 [INFO]  [CPU] Trainer: Version: AVX512
Sep 06 14:01:36 aorus qli-runner.sh[3759974]: 2026-09-06 12:01:36.043 [INFO]  [CPU] Trainer: Author: mundus
Sep 06 14:01:36 aorus qli-runner.sh[3759974]: 2026-09-06 12:01:36.043 [INFO]  [CPU] Trainer: Waiting for updinf/updpar from qli-client...
Sep 06 14:01:36 aorus qli-runner.sh[3759974]: 2026-09-06 12:01:36.095 [INFO]  [GPU] Trainer: Received exit signal. Waiting for GPU threads to finish current tasks...
Sep 06 14:01:36 aorus qli-runner.sh[3759974]: 2026-09-06 12:01:36.095 [INFO]  [GPU] Trainer: GPU#0 finished
Sep 06 14:01:36 aorus qli-runner.sh[3759974]: 2026-09-06 12:01:36.095 [INFO]  [GPU] Trainer: shutting down.
Sep 06 14:01:36 aorus systemd[1523]: Stopped Qubic QLI CPU+CUDA miner (auto-update).
Sep 06 14:01:36 aorus systemd[1523]: qli.service: Consumed 7h 31min 28.504s CPU time over 17min 28.765s wall clock time, 824.7M memory peak.
Sep 06 14:01:42 aorus systemd[1523]: Starting Qubic QLI CPU+CUDA miner (auto-update)...
Sep 06 14:01:42 aorus sudo[3785515]:    seppe : PWD=/home/seppe/Projects/qubic ; USER=root ; COMMAND=/usr/bin/nvidia-smi -i 0 -pl 550
Sep 06 14:01:42 aorus sudo[3785515]: pam_unix(sudo:session): session opened for user root(uid=0) by seppe(uid=1000)
Sep 06 14:01:42 aorus sudo[3785515]: pam_unix(sudo:session): session closed for user root
Sep 06 14:01:42 aorus sudo[3785519]:    seppe : PWD=/home/seppe/Projects/qubic ; USER=root ; COMMAND=/usr/bin/nvidia-smi -i 0 -lgc 180,2700
Sep 06 14:01:42 aorus sudo[3785519]: pam_unix(sudo:session): session opened for user root(uid=0) by seppe(uid=1000)
Sep 06 14:01:42 aorus sudo[3785519]: pam_unix(sudo:session): session closed for user root
Sep 06 14:01:42 aorus sudo[3785523]:    seppe : PWD=/home/seppe/Projects/qubic ; USER=root ; COMMAND=/usr/bin/nvidia-smi -i 0 -rmc
Sep 06 14:01:42 aorus sudo[3785523]: pam_unix(sudo:session): session opened for user root(uid=0) by seppe(uid=1000)
Sep 06 14:01:42 aorus sudo[3785523]: pam_unix(sudo:session): session closed for user root
Sep 06 14:01:42 aorus qubic-gpu-tune-service[3785514]: [qli-tune] OK: power 550W, clocks 180-2700, mem reset, hugepages 281
Sep 06 14:01:42 aorus systemd[1523]: Started Qubic QLI CPU+CUDA miner (auto-update).
Sep 06 14:01:42 aorus qli-runner.sh[3785534]: [qli-runner] geen updater-signature — start client
