Sun Sep  6 13:15:23 2026       
+-----------------------------------------------------------------------------------------+
| NVIDIA-SMI 610.57.04              KMD Version: 610.57.04     CUDA UMD Version: 13.3     |
+-----------------------------------------+------------------------+----------------------+
| GPU  Name                 Persistence-M | Bus-Id          Disp.A | Volatile Uncorr. ECC |
| Fan  Temp   Perf          Pwr:Usage/Cap |           Memory-Usage | GPU-Util  Compute M. |
|                                         |                        |               MIG M. |
|=========================================+========================+======================|
|   0  NVIDIA GeForce RTX 5090        Off |   00000000:01:00.0 Off |                  N/A |
| 70%   57C    P0            224W /  550W |    2030MiB /  32607MiB |      0%      Default |
|                                         |                        |                  N/A |
+-----------------------------------------+------------------------+----------------------+

+-----------------------------------------------------------------------------------------+
| Processes:                                                                              |
|  GPU   GI   CI              PID   Type   Process name                        GPU Memory |
|        ID   ID                                                               Usage      |
|=========================================================================================|
|    0   N/A  N/A         1083634      G   Hyprland                                397MiB |
|    0   N/A  N/A         1083712      G   Xwayland                                  8MiB |
|    0   N/A  N/A         1730922      G   /usr/bin/Telegram                       118MiB |
|    0   N/A  N/A         3305348      G   quickshell                              572MiB |
|    0   N/A  N/A         3362666    C+G   ...rack-uuid=3190708988185955192         97MiB |
|    0   N/A  N/A         3363638    C+G   ...rack-uuid=3190708988185955192        255MiB |
+-----------------------------------------------------------------------------------------+
