Sep 06 13:16:33 aorus systemd[1523]: Starting Qubic QLI CPU+CUDA miner (auto-update)...
Sep 06 13:16:33 aorus sudo[3724719]:    seppe : PWD=/home/seppe/Projects/qubic ; USER=root ; COMMAND=/usr/bin/nvidia-smi -i 0 -pl 550
Sep 06 13:16:33 aorus sudo[3724719]: pam_unix(sudo:session): session opened for user root(uid=0) by seppe(uid=1000)
Sep 06 13:16:33 aorus sudo[3724719]: pam_unix(sudo:session): session closed for user root
Sep 06 13:16:33 aorus sudo[3724723]:    seppe : PWD=/home/seppe/Projects/qubic ; USER=root ; COMMAND=/usr/bin/nvidia-smi -i 0 -lgc 180,2700
Sep 06 13:16:33 aorus sudo[3724723]: pam_unix(sudo:session): session opened for user root(uid=0) by seppe(uid=1000)
Sep 06 13:16:33 aorus sudo[3724723]: pam_unix(sudo:session): session closed for user root
Sep 06 13:16:33 aorus sudo[3724727]:    seppe : PWD=/home/seppe/Projects/qubic ; USER=root ; COMMAND=/usr/bin/nvidia-smi -i 0 -rmc
Sep 06 13:16:33 aorus sudo[3724727]: pam_unix(sudo:session): session opened for user root(uid=0) by seppe(uid=1000)
Sep 06 13:16:33 aorus sudo[3724727]: pam_unix(sudo:session): session closed for user root
Sep 06 13:16:33 aorus qubic-gpu-tune-service[3724718]: [qli-tune] OK: power 550W, clocks 180-2700, mem reset, hugepages 281
Sep 06 13:16:33 aorus qubic-gpu-tune-service[3724735]: [qli-tune] power/clock nu: 550.00, 2647
Sep 06 13:16:33 aorus systemd[1523]: Started Qubic QLI CPU+CUDA miner (auto-update).
Sep 06 13:16:33 aorus qli-runner.sh[3724738]: [qli-runner] geen updater-signature — start client
Sep 06 13:16:33 aorus qli-runner.sh[3724738]:                                         
Sep 06 13:16:33 aorus qli-runner.sh[3724738]:                                         
Sep 06 13:16:33 aorus qli-runner.sh[3724738]:               @@@@@@ @@@@@@
Sep 06 13:16:33 aorus qli-runner.sh[3724738]:               @@@@@@ @@@@@@
Sep 06 13:16:33 aorus qli-runner.sh[3724738]:               @@@@@@ @@@@@@
Sep 06 13:16:33 aorus qli-runner.sh[3724738]:               @@@@@@ @@@@@@
Sep 06 13:16:33 aorus qli-runner.sh[3724738]:               @@@@@@ @@@@@@
Sep 06 13:16:33 aorus qli-runner.sh[3724738]:               @@@@@@ @@@@@@
Sep 06 13:16:33 aorus qli-runner.sh[3724738]:               @@@@@@ @@@@@@
Sep 06 13:16:33 aorus qli-runner.sh[3724738]:                      @@@@@@
Sep 06 13:16:33 aorus qli-runner.sh[3724738]:                      @@@@@@
Sep 06 13:16:33 aorus qli-runner.sh[3724738]:                                         
Sep 06 13:16:33 aorus qli-runner.sh[3724738]:                                         
Sep 06 13:16:33 aorus qli-runner.sh[3724738]:              qubic.li Client
Sep 06 13:16:33 aorus qli-runner.sh[3724738]:              Version 3.8.9.0
Sep 06 13:16:33 aorus qli-runner.sh[3724738]:       https://github.com/qubic-li/client
Sep 06 13:16:33 aorus qli-runner.sh[3724738]: 2026-09-06 11:16:33.533 [INFO]  Qubic Client started. Press CTRL+C to exit.
Sep 06 13:16:33 aorus qli-runner.sh[3724738]: ==========================================
Sep 06 13:16:33 aorus qli-runner.sh[3724738]: Pool:                wss://wps.qubic.li/ws
Sep 06 13:16:33 aorus qli-runner.sh[3724738]: Alias:                qli Bobcat
Sep 06 13:16:33 aorus qli-runner.sh[3724738]: Token:                Enabled
Sep 06 13:16:33 aorus qli-runner.sh[3724738]: PPS:                Enabled
Sep 06 13:16:33 aorus qli-runner.sh[3724738]: CPU:                Enabled with AVX512 and 24 threads
Sep 06 13:16:33 aorus qli-runner.sh[3724738]: GPU:                Enabled with CUDA
Sep 06 13:16:33 aorus qli-runner.sh[3724738]: ==========================================
