Fri Sep 11 11:07:30 2026       
+-----------------------------------------------------------------------------------------+
| NVIDIA-SMI 610.57.04              KMD Version: 610.57.04     CUDA UMD Version: 13.3     |
+-----------------------------------------+------------------------+----------------------+
| GPU  Name                 Persistence-M | Bus-Id          Disp.A | Volatile Uncorr. ECC |
| Fan  Temp   Perf          Pwr:Usage/Cap |           Memory-Usage | GPU-Util  Compute M. |
|                                         |                        |               MIG M. |
|=========================================+========================+======================|
|   0  NVIDIA GeForce RTX 5090        Off |   00000000:01:00.0  On |                  N/A |
|  0%   33C    P8             24W /  550W |    2070MiB /  32607MiB |      1%      Default |
|                                         |                        |                  N/A |
+-----------------------------------------+------------------------+----------------------+

+-----------------------------------------------------------------------------------------+
| Processes:                                                                              |
|  GPU   GI   CI              PID   Type   Process name                        GPU Memory |
|        ID   ID                                                               Usage      |
|=========================================================================================|
|    0   N/A  N/A            2347      G   Hyprland                                489MiB |
|    0   N/A  N/A            2911      G   Xwayland                                  8MiB |
|    0   N/A  N/A         1081764      G   quickshell                              154MiB |
|    0   N/A  N/A         2167976      G   /usr/bin/Telegram                       118MiB |
|    0   N/A  N/A         2927846    C+G   ...rack-uuid=3190708988185955192        473MiB |
|    0   N/A  N/A         2981476    C+G   ...rack-uuid=3190708988185955192        132MiB |
+-----------------------------------------------------------------------------------------+
